###############################################################################
#
# IAR ELF Linker V8.50.9.278/W32 for ARM                  09/Feb/2021  22:40:32
# Copyright 2007-2020 IAR Systems AB.
#
#    Output file  =  D:\Projects\Stm32\IAR\testMorion\Debug\Exe\testMorion.out
#    Map file     =  D:\Projects\Stm32\IAR\testMorion\Debug\List\testMorion.map
#    Command line =
#        -f C:\Users\admin\AppData\Local\Temp\EW13FA.tmp
#        (D:\Projects\Stm32\IAR\testMorion\Debug\Obj\main.o
#        D:\Projects\Stm32\IAR\testMorion\Debug\Obj\misc.o
#        D:\Projects\Stm32\IAR\testMorion\Debug\Obj\startup_stm32f10x_md.o
#        D:\Projects\Stm32\IAR\testMorion\Debug\Obj\stm32f10x_dma.o
#        D:\Projects\Stm32\IAR\testMorion\Debug\Obj\stm32f10x_gpio.o
#        D:\Projects\Stm32\IAR\testMorion\Debug\Obj\stm32f10x_iwdg.o
#        D:\Projects\Stm32\IAR\testMorion\Debug\Obj\stm32f10x_rcc.o
#        D:\Projects\Stm32\IAR\testMorion\Debug\Obj\stm32f10x_tim.o
#        D:\Projects\Stm32\IAR\testMorion\Debug\Obj\stm32f10x_usart.o
#        D:\Projects\Stm32\IAR\testMorion\Debug\Obj\system_stm32f10x.o
#        --no_out_extension -o
#        D:\Projects\Stm32\IAR\testMorion\Debug\Exe\testMorion.out --redirect
#        _Printf=_PrintfFullNoMb --redirect _Scanf=_ScanfFullNoMb --map
#        D:\Projects\Stm32\IAR\testMorion\Debug\List\testMorion.map --config
#        D:\Projects\Stm32\IAR\testMorion\stm32f103x8.icf --semihosting --entry
#        __iar_program_start "D:\Program Files\IAR Systems\Embedded Workbench
#        8.4\arm\CMSIS\Lib\IAR\iar_cortexM3l_math.a" --vfe --text_out locale)
#
###############################################################################

*******************************************************************************
*** RUNTIME MODEL ATTRIBUTES
***

CppFlavor       = *
__SystemLibrary = DLib
__dlib_version  = 6


*******************************************************************************
*** HEAP SELECTION
***

The basic heap was selected because no calls to memory allocation
functions were found in the application outside of system library
functions, and there are calls to deallocation functions in the
application.


*******************************************************************************
*** PLACEMENT SUMMARY
***

"A0":  place at address 0x800'0000 { ro section .intvec };
"P1":  place in [from 0x800'0000 to 0x800'ffff] { ro };
define block CSTACK with size = 2K, alignment = 8 { };
define block HEAP with size = 2K, alignment = 8 { };
"P2":  place in [from 0x2000'0000 to 0x2000'4fff] {
          rw, block CSTACK, block HEAP };
initialize by copy { rw };

  Section            Kind         Address    Size  Object
  -------            ----         -------    ----  ------
"A0":                                        0xec
  .intvec            ro code   0x800'0000    0xec  startup_stm32f10x_md.o [1]
                             - 0x800'00ec    0xec

"P1":                                      0x140a
  .text              ro code   0x800'00ec   0x5d6  main.o [1]
  .text              ro code   0x800'06c2    0x3a  zero_init3.o [3]
  .text              ro code   0x800'06fc   0x1f0  stm32f10x_dma.o [1]
  .text              ro code   0x800'08ec    0x38  stm32f10x_iwdg.o [1]
  .text              ro code   0x800'0924   0x174  stm32f10x_rcc.o [1]
  .text              ro code   0x800'0a98    0xd0  stm32f10x_gpio.o [1]
  .text              ro code   0x800'0b68    0x70  misc.o [1]
  .text              ro code   0x800'0bd8   0x168  stm32f10x_usart.o [1]
  .text              ro code   0x800'0d40   0x1a4  stm32f10x_tim.o [1]
  .text              ro code   0x800'0ee4    0x66  ABImemset.o [3]
  .text              ro code   0x800'0f4a    0x28  strncmp.o [2]
  .text              ro code   0x800'0f72    0x22  strcspn.o [2]
  .text              ro code   0x800'0f94   0x150  iar_Stoulx.o [2]
  .text              ro code   0x800'10e4    0x58  memchr.o [3]
  .text              ro code   0x800'113c   0x118  system_stm32f10x.o [1]
  .rodata            const     0x800'1254    0x50  iar_Stoulx.o [2]
  .text              ro code   0x800'12a4    0x38  packbits_init_single.o [3]
  .text              ro code   0x800'12dc    0x28  data_init.o [3]
  .iar.init_table    const     0x800'1304    0x20  - Linker created -
  .text              ro code   0x800'1324    0x1e  cmain.o [3]
  .text              ro code   0x800'1342     0x4  low_level_init.o [2]
  .text              ro code   0x800'1346     0x4  exit.o [2]
  .text              ro code   0x800'134c     0xa  cexit.o [3]
  .text              ro code   0x800'1358    0x14  exit.o [4]
  .text              ro code   0x800'136c    0x1c  cstartup_M.o [3]
  .text              ro code   0x800'1388    0x10  startup_stm32f10x_md.o [1]
  .rodata            const     0x800'1398     0x8  main.o [1]
  .rodata            const     0x800'13a0     0x8  main.o [1]
  .rodata            const     0x800'13a8     0x8  main.o [1]
  .text              ro code   0x800'13b0     0x4  startup_stm32f10x_md.o [1]
  .text              ro code   0x800'13b4     0x4  startup_stm32f10x_md.o [1]
  .text              ro code   0x800'13b8     0x4  startup_stm32f10x_md.o [1]
  .text              ro code   0x800'13bc     0x4  startup_stm32f10x_md.o [1]
  .text              ro code   0x800'13c0     0x4  startup_stm32f10x_md.o [1]
  .text              ro code   0x800'13c4     0x4  startup_stm32f10x_md.o [1]
  .text              ro code   0x800'13c8     0x4  startup_stm32f10x_md.o [1]
  .text              ro code   0x800'13cc     0x4  startup_stm32f10x_md.o [1]
  .text              ro code   0x800'13d0     0x4  startup_stm32f10x_md.o [1]
  .text              ro code   0x800'13d4     0x4  startup_stm32f10x_md.o [1]
  .text              ro code   0x800'13d8     0x4  startup_stm32f10x_md.o [1]
  .text              ro code   0x800'13dc     0x4  startup_stm32f10x_md.o [1]
  .text              ro code   0x800'13e0     0x4  startup_stm32f10x_md.o [1]
  .text              ro code   0x800'13e4     0x4  startup_stm32f10x_md.o [1]
  .text              ro code   0x800'13e8     0x4  startup_stm32f10x_md.o [1]
  .text              ro code   0x800'13ec     0x4  startup_stm32f10x_md.o [1]
  .text              ro code   0x800'13f0     0x4  startup_stm32f10x_md.o [1]
  .text              ro code   0x800'13f4     0x4  startup_stm32f10x_md.o [1]
  .text              ro code   0x800'13f8     0x4  startup_stm32f10x_md.o [1]
  .text              ro code   0x800'13fc     0x4  startup_stm32f10x_md.o [1]
  .text              ro code   0x800'1400     0x4  startup_stm32f10x_md.o [1]
  .text              ro code   0x800'1404     0x4  startup_stm32f10x_md.o [1]
  .text              ro code   0x800'1408     0x4  startup_stm32f10x_md.o [1]
  .text              ro code   0x800'140c     0x4  startup_stm32f10x_md.o [1]
  .text              ro code   0x800'1410     0x4  startup_stm32f10x_md.o [1]
  .text              ro code   0x800'1414     0x4  startup_stm32f10x_md.o [1]
  .text              ro code   0x800'1418     0x4  startup_stm32f10x_md.o [1]
  .text              ro code   0x800'141c     0x4  startup_stm32f10x_md.o [1]
  .text              ro code   0x800'1420     0x4  startup_stm32f10x_md.o [1]
  .text              ro code   0x800'1424     0x4  startup_stm32f10x_md.o [1]
  .text              ro code   0x800'1428     0x4  startup_stm32f10x_md.o [1]
  .text              ro code   0x800'142c     0x4  startup_stm32f10x_md.o [1]
  .text              ro code   0x800'1430     0x4  startup_stm32f10x_md.o [1]
  .text              ro code   0x800'1434     0x4  startup_stm32f10x_md.o [1]
  .text              ro code   0x800'1438     0x4  startup_stm32f10x_md.o [1]
  .text              ro code   0x800'143c     0x4  startup_stm32f10x_md.o [1]
  .text              ro code   0x800'1440     0x4  startup_stm32f10x_md.o [1]
  .text              ro code   0x800'1444     0x4  startup_stm32f10x_md.o [1]
  .text              ro code   0x800'1448     0x4  startup_stm32f10x_md.o [1]
  .text              ro code   0x800'144c     0x4  startup_stm32f10x_md.o [1]
  .text              ro code   0x800'1450     0x4  startup_stm32f10x_md.o [1]
  .text              ro code   0x800'1454     0x4  startup_stm32f10x_md.o [1]
  .text              ro code   0x800'1458     0x4  startup_stm32f10x_md.o [1]
  .text              ro code   0x800'145c     0x4  startup_stm32f10x_md.o [1]
  .text              ro code   0x800'1460     0x4  startup_stm32f10x_md.o [1]
  .text              ro code   0x800'1464     0x4  startup_stm32f10x_md.o [1]
  .text              ro code   0x800'1468     0x4  startup_stm32f10x_md.o [1]
  .text              ro code   0x800'146c     0x4  startup_stm32f10x_md.o [1]
  .text              ro code   0x800'1470     0x4  startup_stm32f10x_md.o [1]
  .text              ro code   0x800'1474     0x4  startup_stm32f10x_md.o [1]
  .text              ro code   0x800'1478     0x4  startup_stm32f10x_md.o [1]
  .rodata            const     0x800'147c     0x0  zero_init3.o [3]
  .rodata            const     0x800'147c     0x0  packbits_init_single.o [3]
  Initializer bytes  const     0x800'147c    0x7a  <for P2-1>
                             - 0x800'14f6  0x140a

"P2", part 1 of 3:                           0xa0
  P2-1                        0x2000'0000    0xa0  <Init block>
    .data            inited   0x2000'0000    0x80  main.o [1]
    .data            inited   0x2000'0080     0x4  main.o [1]
    .data            inited   0x2000'0084     0x4  main.o [1]
    .data            inited   0x2000'0088     0x4  main.o [1]
    .data            inited   0x2000'008c    0x10  stm32f10x_rcc.o [1]
    .data            inited   0x2000'009c     0x4  stm32f10x_rcc.o [1]
                            - 0x2000'00a0    0xa0

"P2", part 2 of 3:                          0x160
  .bss               zero     0x2000'00a0    0x2c  main.o [1]
  .bss               zero     0x2000'00cc    0x20  main.o [1]
  .bss               zero     0x2000'00ec    0x20  main.o [1]
  .bss               zero     0x2000'010c    0x20  main.o [1]
  .bss               zero     0x2000'012c    0x20  main.o [1]
  .bss               zero     0x2000'014c    0x20  main.o [1]
  .bss               zero     0x2000'016c    0x20  main.o [1]
  .bss               zero     0x2000'018c    0x20  main.o [1]
  .bss               zero     0x2000'01ac    0x10  main.o [1]
  .bss               zero     0x2000'01bc    0x10  main.o [1]
  .bss               zero     0x2000'01cc     0xc  main.o [1]
  .bss               zero     0x2000'01d8     0x4  main.o [1]
  .bss               zero     0x2000'01dc     0x4  main.o [1]
  .bss               zero     0x2000'01e0     0x4  main.o [1]
  .bss               zero     0x2000'01e4     0x4  main.o [1]
  .bss               zero     0x2000'01e8     0x4  main.o [1]
  .bss               zero     0x2000'01ec     0x4  main.o [1]
  .bss               zero     0x2000'01f0     0x4  main.o [1]
  .bss               zero     0x2000'01f4     0x4  main.o [1]
  .bss               zero     0x2000'01f8     0x1  main.o [1]
  .bss               zero     0x2000'01f9     0x1  main.o [1]
  .bss               zero     0x2000'01fa     0x1  main.o [1]
  .bss               zero     0x2000'01fb     0x1  main.o [1]
  .bss               zero     0x2000'01fc     0x1  main.o [1]
  .bss               zero     0x2000'01fd     0x1  main.o [1]
  .bss               zero     0x2000'01fe     0x1  main.o [1]
  .bss               zero     0x2000'01ff     0x1  main.o [1]
                            - 0x2000'0200   0x160

"P2", part 3 of 3:                          0x800
  CSTACK                      0x2000'0200   0x800  <Block>
    CSTACK           uninit   0x2000'0200   0x800  <Block tail>
                            - 0x2000'0a00   0x800

Unused ranges:

         From           To    Size
         ----           --    ----
   0x800'14f6   0x800'ffff  0xeb0a
  0x2000'0a00  0x2000'4fff  0x4600


*******************************************************************************
*** INIT TABLE
***

          Address      Size
          -------      ----
Zero (__iar_zero_init3)
    1 destination range, total size 0x160:
          0x2000'00a0  0x160

Copy/packbits (__iar_packbits_init_single3)
    1 source range, total size 0x7a (76% of destination):
           0x800'147c   0x7a
    1 destination range, total size 0xa0:
          0x2000'0000   0xa0



*******************************************************************************
*** MODULE SUMMARY
***

    Module                  ro code  ro data  rw data
    ------                  -------  -------  -------
command line/config:
    -------------------------------------------------
    Total:

D:\Projects\Stm32\IAR\testMorion\Debug\Obj: [1]
    main.o                    1'494      130      492
    misc.o                      112
    startup_stm32f10x_md.o      456
    stm32f10x_dma.o             496
    stm32f10x_gpio.o            208
    stm32f10x_iwdg.o             56
    stm32f10x_rcc.o             372       16       20
    stm32f10x_tim.o             420
    stm32f10x_usart.o           360
    system_stm32f10x.o          280
    -------------------------------------------------
    Total:                    4'254      146      512

dl7M_tln.a: [2]
    exit.o                        4
    iar_Stoulx.o                336       80
    low_level_init.o              4
    strcspn.o                    34
    strncmp.o                    40
    -------------------------------------------------
    Total:                      418       80

rt7M_tl.a: [3]
    ABImemset.o                 102
    cexit.o                      10
    cmain.o                      30
    cstartup_M.o                 28
    data_init.o                  40
    memchr.o                     88
    packbits_init_single.o       56
    zero_init3.o                 58
    -------------------------------------------------
    Total:                      412

shb_l.a: [4]
    exit.o                       20
    -------------------------------------------------
    Total:                       20

    Gaps                          4
    Linker created                        32    2'048
-----------------------------------------------------
    Grand Total:              5'108      258    2'560


*******************************************************************************
*** ENTRY LIST
***

Entry                       Address   Size  Type      Object
-----                       -------   ----  ----      ------
.iar.init_table$$Base    0x800'1304          --   Gb  - Linker created -
.iar.init_table$$Limit   0x800'1324          --   Gb  - Linker created -
?main                    0x800'1325         Code  Gb  cmain.o [3]
ADCPrescTable           0x2000'009c    0x4  Data  Lc  stm32f10x_rcc.o [1]
APBAHBPrescTable        0x2000'008c   0x10  Data  Lc  stm32f10x_rcc.o [1]
CSTACK$$Base            0x2000'0200          --   Gb  - Linker created -
CSTACK$$Limit           0x2000'0a00          --   Gb  - Linker created -
DMA_Cmd                  0x800'0859   0x1c  Code  Gb  stm32f10x_dma.o [1]
DMA_DeInit               0x800'06fd   0xf2  Code  Gb  stm32f10x_dma.o [1]
DMA_GetFlagStatus        0x800'088d   0x20  Code  Gb  stm32f10x_dma.o [1]
DMA_ITConfig             0x800'0875   0x18  Code  Gb  stm32f10x_dma.o [1]
DMA_Init                 0x800'07ef   0x3c  Code  Gb  stm32f10x_dma.o [1]
DMA_StructInit           0x800'082b   0x2e  Code  Gb  stm32f10x_dma.o [1]
GPIO_Init                0x800'0a99   0xc0  Code  Gb  stm32f10x_gpio.o [1]
GPIO_StructInit          0x800'0b59   0x10  Code  Gb  stm32f10x_gpio.o [1]
IWDG_Enable              0x800'090f    0xa  Code  Gb  stm32f10x_iwdg.o [1]
IWDG_ReloadCounter       0x800'0905    0xa  Code  Gb  stm32f10x_iwdg.o [1]
IWDG_SetPrescaler        0x800'08f5    0x8  Code  Gb  stm32f10x_iwdg.o [1]
IWDG_SetReload           0x800'08fd    0x8  Code  Gb  stm32f10x_iwdg.o [1]
IWDG_WriteAccessCmd      0x800'08ed    0x8  Code  Gb  stm32f10x_iwdg.o [1]
NVIC_Init                0x800'0b69   0x60  Code  Gb  misc.o [1]
RCC_AHBPeriphClockCmd    0x800'09d9   0x1c  Code  Gb  stm32f10x_rcc.o [1]
RCC_APB1PeriphClockCmd   0x800'0a11   0x1c  Code  Gb  stm32f10x_rcc.o [1]
RCC_APB2PeriphClockCmd   0x800'09f5   0x1c  Code  Gb  stm32f10x_rcc.o [1]
RCC_GetClocksFreq        0x800'092d   0xac  Code  Gb  stm32f10x_rcc.o [1]
RCC_GetFlagStatus        0x800'0a2d   0x3c  Code  Gb  stm32f10x_rcc.o [1]
RCC_LSICmd               0x800'0925    0x8  Code  Gb  stm32f10x_rcc.o [1]
Region$$Table$$Base      0x800'1304          --   Gb  - Linker created -
Region$$Table$$Limit     0x800'1324          --   Gb  - Linker created -
SetSysClock              0x800'1181    0x8  Code  Lc  system_stm32f10x.o [1]
SetSysClockTo72          0x800'1189   0xae  Code  Lc  system_stm32f10x.o [1]
SystemInit               0x800'113d   0x44  Code  Gb  system_stm32f10x.o [1]
TIM_Cmd                  0x800'0ea1   0x1c  Code  Gb  stm32f10x_tim.o [1]
TIM_OC1Init              0x800'0dd3   0x94  Code  Gb  stm32f10x_tim.o [1]
TIM_OCStructInit         0x800'0e7f   0x22  Code  Gb  stm32f10x_tim.o [1]
TIM_TimeBaseInit         0x800'0d41   0x92  Code  Gb  stm32f10x_tim.o [1]
TIM_TimeBaseStructInit   0x800'0e67   0x18  Code  Gb  stm32f10x_tim.o [1]
USART1_IRQHandler        0x800'0561   0x48  Code  Gb  main.o [1]
USART_Cmd                0x800'0cb9   0x1c  Code  Gb  stm32f10x_usart.o [1]
USART_DMACmd             0x800'0d29   0x18  Code  Gb  stm32f10x_usart.o [1]
USART_ITConfig           0x800'0cd5   0x54  Code  Gb  stm32f10x_usart.o [1]
USART_Init               0x800'0bd9   0xbc  Code  Gb  stm32f10x_usart.o [1]
USART_StructInit         0x800'0c9d   0x1c  Code  Gb  stm32f10x_usart.o [1]
__aeabi_memset           0x800'0ee5         Code  Gb  ABImemset.o [3]
__cmain                  0x800'1325         Code  Gb  cmain.o [3]
__exit                   0x800'1359   0x14  Code  Gb  exit.o [4]
__iar_Memchr             0x800'10e5         Code  Gb  memchr.o [3]
__iar_Memset             0x800'0ee5         Code  Gb  ABImemset.o [3]
__iar_Memset_word        0x800'0eed         Code  Gb  ABImemset.o [3]
__iar_Stoulx             0x800'0f95  0x13e  Code  Gb  iar_Stoulx.o [2]
__iar_data_init3         0x800'12dd   0x28  Code  Gb  data_init.o [3]
__iar_packbits_init_single3
                         0x800'12a5   0x38  Code  Gb  packbits_init_single.o [3]
__iar_program_start      0x800'136d         Code  Gb  cstartup_M.o [3]
__iar_zero_init3         0x800'06c3   0x3a  Code  Gb  zero_init3.o [3]
__low_level_init         0x800'1343    0x4  Code  Gb  low_level_init.o [2]
__vector_table           0x800'0000         Data  Gb  startup_stm32f10x_md.o [1]
_call_main               0x800'1331         Code  Gb  cmain.o [3]
_exit                    0x800'134d         Code  Gb  cexit.o [3]
_main                    0x800'133b         Code  Gb  cmain.o [3]
atoi                     0x800'10d9    0x2  Code  Gb  iar_Stoulx.o [2]
blink                    0x800'05ad   0x28  Code  Gb  main.o [1]
digits                   0x800'127c   0x28  Data  Lc  iar_Stoulx.o [2]
dma                     0x2000'00a0   0x2c  Data  Gb  main.o [1]
exit                     0x800'1347    0x4  Code  Gb  exit.o [2]
fade                     0x800'05d9   0x36  Code  Gb  main.o [1]
fadeFlag                0x2000'01f8    0x1  Data  Gb  main.o [1]
fadeTime                0x2000'0088    0x4  Data  Gb  main.o [1]
initAll                  0x800'013f  0x1e8  Code  Gb  main.o [1]
loop                     0x800'06c1    0x2  Code  Gb  main.o [1]
main                     0x800'00ed   0x52  Code  Gb  main.o [1]
memchr                   0x800'10e5         Code  Gb  memchr.o [3]
ndigs                    0x800'1254   0x28  Data  Lc  iar_Stoulx.o [2]
nvic                    0x2000'01e0    0x4  Data  Gb  main.o [1]
parseBuffer              0x800'0327  0x23a  Code  Gb  main.o [1]
portA                   0x2000'01d8    0x4  Data  Gb  main.o [1]
portB                   0x2000'01dc    0x4  Data  Gb  main.o [1]
rxBuffer                0x2000'00cc   0x20  Data  Gb  main.o [1]
rxFlag                  0x2000'01ff    0x1  Data  Gb  main.o [1]
strcspn                  0x800'0f73   0x22  Code  Gb  strcspn.o [2]
strncmp                  0x800'0f4b   0x28  Code  Gb  strncmp.o [2]
time1                   0x2000'0080    0x4  Data  Gb  main.o [1]
time2                   0x2000'0084    0x4  Data  Gb  main.o [1]
timer                   0x2000'01cc    0xc  Data  Gb  main.o [1]
timerPWM                0x2000'01bc   0x10  Data  Gb  main.o [1]
tmp1                    0x2000'00ec   0x20  Data  Gb  main.o [1]
tmp2                    0x2000'010c   0x20  Data  Gb  main.o [1]
tmp3                    0x2000'012c   0x20  Data  Gb  main.o [1]
tmp4                    0x2000'014c   0x20  Data  Gb  main.o [1]
tmp5                    0x2000'016c   0x20  Data  Gb  main.o [1]
tmp6                    0x2000'018c   0x20  Data  Gb  main.o [1]
txBuffer                0x2000'0000   0x80  Data  Gb  main.o [1]
usart                   0x2000'01ac   0x10  Data  Gb  main.o [1]
x2                      0x2000'01e4    0x4  Data  Gb  main.o [1]
x3                      0x2000'01e8    0x4  Data  Gb  main.o [1]
x4                      0x2000'01ec    0x4  Data  Gb  main.o [1]
x5                      0x2000'01f0    0x4  Data  Gb  main.o [1]
x6                      0x2000'01f4    0x4  Data  Gb  main.o [1]
y1                      0x2000'01f9    0x1  Data  Gb  main.o [1]
y2                      0x2000'01fa    0x1  Data  Gb  main.o [1]
y3                      0x2000'01fb    0x1  Data  Gb  main.o [1]
y4                      0x2000'01fc    0x1  Data  Gb  main.o [1]
y5                      0x2000'01fd    0x1  Data  Gb  main.o [1]
y6                      0x2000'01fe    0x1  Data  Gb  main.o [1]


[1] = D:\Projects\Stm32\IAR\testMorion\Debug\Obj
[2] = dl7M_tln.a
[3] = rt7M_tl.a
[4] = shb_l.a

  5'108 bytes of readonly  code memory
    258 bytes of readonly  data memory
  2'560 bytes of readwrite data memory

Errors: none
Warnings: none
